0,1,2,3,4,5,6,7,8,9,10,11,12,13,14,15,16,17,18,19
{"titleID":"550","type":"movie","originalTitle":"Fight Club","titlePoster":"/pB8BM7pdSp6B6Ih7QZ4DrQ3PmJK.jpg","startYear":"1999","endYear":"","genres":[{"genreTitle":"Drama"}],"titleAkas":[{"akaTitle":"Mo'adon Krav","regionAbbrev":"IL"},{"akaTitle":"Borilački klub","regionAbbrev":"RS"},{"akaTitle":"Boytsovskiy klub","regionAbbrev":"RU"},{"akaTitle":"Boen klub","regionAbbrev":"BG"},{"akaTitle":"Kláb máchis","regionAbbrev":"GR"},{"akaTitle":"Biytsivsʹkyy klub","regionAbbrev":"UA"},{"akaTitle":"Dövüş Klubü","regionAbbrev":"TR"},{"akaTitle":"El Club de la Pelea","regionAbbrev":"MX"},{"akaTitle":"파이트 클럽","regionAbbrev":"KR"},{"akaTitle":"Cīņas klubs","regionAbbrev":"LV"},{"akaTitle":"باشگاه مشت زنی","regionAbbrev":"IR"},{"akaTitle":"Podziemny krąg","regionAbbrev":"PL"},{"akaTitle":"Clube da Luta","regionAbbrev":"BR"},{"akaTitle":"Clube de Combate","regionAbbrev":"PT"},{"akaTitle":"ファイト・クラブ：1999","regionAbbrev":"JP"},{"akaTitle":"El club de la lucha","regionAbbrev":"ES"},{"akaTitle":"鬥陣俱樂部","regionAbbrev":"TW"},{"akaTitle":"Döyüş Klubu","regionAbbrev":"AZ"}],"principals":[{"nameID":"819","name":"Edward Norton","category":"actor"},{"nameID":"287","name":"Brad Pitt","category":"actor"},{"nameID":"1283","name":"Helena Bonham Carter","category":"actor"},{"nameID":"7470","name":"Meat Loaf","category":"actor"},{"nameID":"7499","name":"Jared Leto","category":"actor"},{"nameID":"7471","name":"Zach Grenier","category":"actor"},{"nameID":"7497","name":"Holt McCallany","category":"actor"},{"nameID":"7498","name":"Eion Bailey","category":"actor"},{"nameID":"7472","name":"Richmond Arquette","category":"actor"},{"nameID":"7219","name":"David Andrews","category":"actor"},{"nameID":"1129738","name":"George Maguire","category":"actor"},{"nameID":"1317693","name":"Eugenie Bondurant","category":"actor"},{"nameID":"68277","name":"Christina Cabot","category":"actor"},{"nameID":"202080","name":"Sydney 'Big Dawg' Colston","category":"actor"},{"nameID":"7473","name":"Rachel Singer","category":"actor"},{"nameID":"1172435","name":"Christie Cronenweth","category":"actor"},{"nameID":"956719","name":"Tim DeZarn","category":"actor"},{"nameID":"59285","name":"Ezra Buzzington","category":"actor"},{"nameID":"1705289","name":"Dierdre Downing-Jackson","category":"actor"},{"nameID":"17449","name":"Bob Stephenson","category":"actor"},{"nameID":"62846","name":"Charlie Dell","category":"actor"},{"nameID":"530040","name":"Rob Lanza","category":"actor"},{"nameID":"56112","name":"David Lee Smith","category":"actor"},{"nameID":"137425","name":"Joel Bissonnette","category":"actor"},{"nameID":"175120","name":"Evan Mirand","category":"actor"},{"nameID":"1744132","name":"Robby Robinson","category":"actor"},{"nameID":"168924","name":"Lou Beatty Jr.","category":"actor"},{"nameID":"1219497","name":"Thom Gossom Jr.","category":"actor"},{"nameID":"157938","name":"Valerie Bickford","category":"actor"},{"nameID":"7500","name":"Peter Iacangelo","category":"actor"},{"nameID":"42824","name":"Carl Ciarfalio","category":"actor"},{"nameID":"40277","name":"Stuart Blumberg","category":"actor"},{"nameID":"1744135","name":"Todd Peirce","category":"actor"},{"nameID":"122805","name":"Mark Fite","category":"actor"},{"nameID":"35521","name":"Matt Winston","category":"actor"},{"nameID":"1744137","name":"Joon Kim","category":"actor"},{"nameID":"1636371","name":"Bennie Moore","category":"actor"},{"nameID":"1224996","name":"Lauren Sánchez","category":"actor"},{"nameID":"1174793","name":"Pat McNamara","category":"actor"},{"nameID":"1744138","name":"Tyrone R. Livingston","category":"actor"},{"nameID":"1744139","name":"Owen Masterson","category":"actor"},{"nameID":"109100","name":"David Jean Thomas","category":"actor"},{"nameID":"1221838","name":"Paul Carafotes","category":"actor"},{"nameID":"145531","name":"Christopher John Fields","category":"actor"},{"nameID":"1744140","name":"Anderson Bourell","category":"actor"},{"nameID":"63537","name":"Scotch Ellis Loring","category":"actor"},{"nameID":"9291","name":"Michael Shamus Wiles","category":"actor"},{"nameID":"170315","name":"Andi Carnick","category":"actor"},{"nameID":"95532","name":"Ed Kowalczyk","category":"actor"},{"nameID":"7140","name":"Leonard Termo","category":"actor"},{"nameID":"41352","name":"Van Quattro","category":"actor"},{"nameID":"1226835","name":"Markus Redmond","category":"actor"},{"nameID":"177175","name":"Michael Girardin","category":"actor"},{"nameID":"74507","name":"Michael Arturo","category":"actor"},{"nameID":"1383838","name":"Greg Bronson","category":"actor"},{"nameID":"1194120","name":"Matt Cinquanta","category":"actor"},{"nameID":"13925","name":"Paul Dillon","category":"actor"},{"nameID":"552271","name":"Eddie Hargitay","category":"actor"},{"nameID":"94561","name":"Phil Hawn","category":"actor"},{"nameID":"1223916","name":"Bruce Holman","category":"actor"},{"nameID":"1744143","name":"Jawara","category":"actor"},{"nameID":"1525014","name":"Baron Jay","category":"actor"},{"nameID":"1577360","name":"Jim Jenkins","category":"actor"},{"nameID":"1403525","name":"Kevin Scott Mack","category":"actor"},{"nameID":"1744144","name":"Trey Ore","category":"actor"},{"nameID":"1744145","name":"Louis Ortiz","category":"actor"},{"nameID":"1386468","name":"Hugh Peddy","category":"actor"},{"nameID":"1744146","name":"J.T. Pontino","category":"actor"},{"nameID":"1744147","name":"Chad Randau","category":"actor"},{"nameID":"133153","name":"Marcio Rosario","category":"actor"},{"nameID":"1744148","name":"Gregory Silva","category":"actor"},{"nameID":"16060","name":"Brian Tochi","category":"actor"},{"nameID":"1744150","name":"Michael Zagst","category":"actor"},{"nameID":"1152377","name":"Marc Cinquanta","category":"actor"},{"nameID":"1657018","name":"Summer Moore","category":"actor"},{"nameID":"376","name":"Arnon Milchan","category":"Executive Producer"},{"nameID":"605","name":"Michael Kaplan","category":"Costume Design"},{"nameID":"1254","name":"Art Linson","category":"Producer"},{"nameID":"1303","name":"Alex McDowell","category":"Production Design"},{"nameID":"7237","name":"Jay Hart","category":"Set Decoration"},{"nameID":"5339","name":"David Boulton","category":"ADR Mixer"},{"nameID":"5714","name":"Carlos Saldanha","category":"Animation Supervisor"},{"nameID":"5935","name":"Sean Hood","category":"Swing"},{"nameID":"7467","name":"David Fincher","category":"Director"},{"nameID":"6904","name":"Rhona Meyers","category":"Key Costumer"},{"nameID":"7537","name":"Steve Boeddeker","category":"Sound Effects Editor"},{"nameID":"7468","name":"Chuck Palahniuk","category":"Novel"},{"nameID":"7469","name":"Jim Uhls","category":"Screenplay"},{"nameID":"7474","name":"Ross Grayson Bell","category":"Producer"},{"nameID":"7475","name":"Ceán Chaffin","category":"Producer"},{"nameID":"7477","name":"John King","category":"Original Music Composer"},{"nameID":"7478","name":"Michael Simpson","category":"Original Music Composer"},{"nameID":"7479","name":"Jeff Cronenweth","category":"Director of Photography"},{"nameID":"7480","name":"James Haygood","category":"Editor"},{"nameID":"7481","name":"Laray Mayfield","category":"Casting"},{"nameID":"7763","name":"Ren Klyce","category":"Sound Designer"},{"nameID":"7763","name":"Ren Klyce","category":"Sound Editor"},{"nameID":"7764","name":"Richard Hymns","category":"Sound Editor"},{"nameID":"7764","name":"Richard Hymns","category":"Sound Supervisor"},{"nameID":"8157","name":"Doc Kane","category":"ADR Mixer"},{"nameID":"8850","name":"Helen Pollak","category":"Unit Production Manager"},{"nameID":"40684","name":"David Leitch","category":"Stunts"},{"nameID":"12371","name":"Richard Cetrone","category":"Utility Stunts"},{"nameID":"12639","name":"Hugo Santiago","category":"Set Designer"},{"nameID":"16522","name":"Jimmy Nickerson","category":"Stunts"},{"nameID":"17217","name":"Mike Topoozian","category":"First Assistant Director"},{"nameID":"10855","name":"Chris Gorak","category":"Art Direction"},{"nameID":"34528","name":"Julie M. Anderson","category":"Production Supervisor"},{"nameID":"37925","name":"Conrad W. Hall","category":"Camera Operator"},{"nameID":"46592","name":"Domenic Silvestri","category":"Set Designer"},{"nameID":"51333","name":"Claudio Miranda","category":"Gaffer"},{"nameID":"113013","name":"David McKimmie","category":"Assistant Production Coordinator"},{"nameID":"113067","name":"David Lucarelli","category":"ADR Recordist"},{"nameID":"113088","name":"Charleen Richards","category":"ADR Mixer"},{"nameID":"60937","name":"Seth Reed","category":"Assistant Art Director"},{"nameID":"92493","name":"Hiro Koda","category":"Stunts"},{"nameID":"84493","name":"Mickie McGowan","category":"ADR Voice Casting"},{"nameID":"83072","name":"P. Scott Bailey","category":"Leadman"},{"nameID":"83093","name":"Jimmy N. Roberts","category":"Stunts"},{"nameID":"91161","name":"Joe Hartwick Jr.","category":"First Assistant Accountant"},{"nameID":"42824","name":"Carl Ciarfalio","category":"Stunts"},{"nameID":"101608","name":"Rob Bottin","category":"Makeup Effects"},{"nameID":"109129","name":"Myke Michaels","category":"Stunts"},{"nameID":"132616","name":"Richard Schuler","category":"Location Manager"},{"nameID":"151007","name":"Peter Ramsey","category":"Storyboard Artist"},{"nameID":"159112","name":"David Orr","category":"Color Timer"},{"nameID":"159264","name":"Denney Pierce","category":"Stunts"},{"nameID":"169628","name":"Jeff Imada","category":"Stunts"},{"nameID":"180576","name":"Rich Thorne","category":"Production Executive"},{"nameID":"423640","name":"Michael Matzdorff","category":"First Assistant Editor"},{"nameID":"554001","name":"Johann Benét","category":"Thanks"},{"nameID":"562696","name":"Dianne Chadwick","category":"Art Department Assistant"},{"nameID":"572622","name":"Tom Bellfort","category":"ADR Editor"},{"nameID":"578767","name":"Don Coufal","category":"Boom Operator"},{"nameID":"957928","name":"Todd Boekelheide","category":"Sound Re-Recording Mixer"},{"nameID":"993165","name":"Mary Works","category":"Assistant Dialogue Editor"},{"nameID":"1002652","name":"Dennis Berardi","category":"Visual Effects Supervisor"},{"nameID":"1031820","name":"Wendy J. Greiner","category":"Key Costumer"},{"nameID":"1116937","name":"John Roesch","category":"Foley Artist"},{"nameID":"1172443","name":"Merrick Morton","category":"Still Photographer"},{"nameID":"1181128","name":"P.J. Hanke","category":"Additional Music"},{"nameID":"1279727","name":"Debbie Evans","category":"Stunts"},{"nameID":"1281471","name":"Lisa Guerriero","category":"Second Assistant Camera"},{"nameID":"1300663","name":"Margaret Prentice","category":"Makeup Artist"},{"nameID":"1314463","name":"Randy Westgate","category":"Makeup Artist"},{"nameID":"1325234","name":"Jean Ann Black","category":"Makeup Artist"},{"nameID":"1325655","name":"Elinor Bardach","category":"Costume Supervisor"},{"nameID":"1327146","name":"Wendy M. Craig","category":"Set Costumer"},{"nameID":"1341851","name":"Jeff Passanante","category":"Construction Coordinator"},{"nameID":"1341856","name":"Hilda Hodges","category":"Foley Artist"},{"nameID":"1342072","name":"Cliff Wenger","category":"Special Effects Coordinator"},{"nameID":"1342601","name":"Nicholas Brooks","category":"Digital Compositors"},{"nameID":"1352424","name":"Brandon Proctor","category":"Sound Mix Technician"},{"nameID":"1357044","name":"Richard K. Buoen","category":"Production Illustrator"},{"nameID":"1357063","name":"Darrin Prescott","category":"Stunts"},{"nameID":"1368878","name":"Damon Caro","category":"Fight Choreographer"},{"nameID":"1368878","name":"Damon Caro","category":"Stunt Double"},{"nameID":"1376902","name":"Gwendolyn Yates Whittle","category":"ADR Supervisor"},{"nameID":"1378726","name":"Francie Brown","category":"Dialect Coach"},{"nameID":"1378828","name":"Michael Semanick","category":"Sound Re-Recording Mixer"},{"nameID":"1380919","name":"David Wald","category":"Stunts"},{"nameID":"1387252","name":"Chris O'Hara","category":"Utility Stunts"},{"nameID":"1389534","name":"Richard Quinn","category":"Dialogue Editor"},{"nameID":"1390518","name":"Luis G. Hoyos","category":"Set Designer"},{"nameID":"1390528","name":"Wayne Burnes","category":"Special Effects Technician"},{"nameID":"1391566","name":"Julia K. Levine","category":"Set Designer"},{"nameID":"1392117","name":"Eric Rosenberg","category":"Graphic Designer"},{"nameID":"1397810","name":"Kenneth Garrett","category":"Sculptor"},{"nameID":"1398980","name":"Dave Robling","category":"Transportation Coordinator"},{"nameID":"1399117","name":"David C. Hughes","category":"Sound Effects Editor"},{"nameID":"1400371","name":"James M. Halty","category":"Stunts"},{"nameID":"1400905","name":"Ewa Sztompke","category":"Dialogue Editor"},{"nameID":"1401109","name":"Chris Haarhoff","category":"Steadicam Operator"},{"nameID":"1403191","name":"Andrea D'Amico","category":"Visual Effects Producer"},{"nameID":"1403525","name":"Kevin Scott Mack","category":"Visual Effects Supervisor"},{"nameID":"1404546","name":"Brian Richards","category":"Music Editor"},{"nameID":"1406614","name":"David Parker","category":"Sound Re-Recording Mixer"},{"nameID":"1407900","name":"Joëlle Taar","category":"Assistant Editor"},{"nameID":"1408290","name":"Patricia Miller","category":"Hairstylist"},{"nameID":"1409273","name":"Kevin Tod Haug","category":"Visual Effects Supervisor"},{"nameID":"1413224","name":"Fríða Aradóttir","category":"Key Hair Stylist"},{"nameID":"1419264","name":"Fiona Campbell Westgate","category":"Rotoscoping Artist"},{"nameID":"1422059","name":"Craig B. Ayers Sr.","category":"Greensman"},{"nameID":"1424126","name":"Carolyn Tapp","category":"Foley Recordist"},{"nameID":"1432596","name":"Derek Casari","category":"ADR Engineer"},{"nameID":"1440848","name":"Joshua I. Kolden","category":"Visual Effects"},{"nameID":"1447557","name":"Rachel Wyn Dunn","category":"Compositors"},{"nameID":"1461371","name":"Mary Jo Lang","category":"Foley Mixer"},{"nameID":"1463313","name":"Collin Grant","category":"Storyboard Artist"},{"nameID":"1463325","name":"Tim R. Lafferty","category":"Construction Foreman"},{"nameID":"1474687","name":"John S. Dorsey","category":"Associate Producer"},{"nameID":"1486851","name":"Alex Olivares","category":"First Assistant Editor"},{"nameID":"1492646","name":"Sande Alessi","category":"Extras Casting"},{"nameID":"1493771","name":"John T. Connor","category":"First Assistant Camera"},{"nameID":"1500921","name":"Lane Leavitt","category":"Stunts"},{"nameID":"1511710","name":"Jeff Wexler","category":"Sound Mixer"},{"nameID":"1521769","name":"Dina Waxman","category":"Script Supervisor"},{"nameID":"1530086","name":"Karen Meisels","category":"Casting Associate"},{"nameID":"1532597","name":"Terry Anderson","category":"Set Costumer"},{"nameID":"1533533","name":"Josue Clotaire Fleurimond","category":"Conceptual Design"},{"nameID":"1534969","name":"Allen Kupetsky","category":"Second Second Assistant Director"},{"nameID":"1535124","name":"Michael Runyard","category":"Stunt Coordinator"},{"nameID":"1536630","name":"Robb Earnest","category":"Production Coordinator"},{"nameID":"1548670","name":"Bill 'Kauhane' Hoyt","category":"Standby Painter"},{"nameID":"1552215","name":"Martin Bosworth","category":"Rigging Gaffer"},{"nameID":"1552998","name":"Raymond Bulinski","category":"Craft Service"},{"nameID":"1554372","name":"Carey Ann Strelecki","category":"Researcher"},{"nameID":"1559615","name":"Manny Demello","category":"Driver"},{"nameID":"1585177","name":"Michael Herron","category":"Set Production Assistant"},{"nameID":"1586924","name":"Jim Alfonso","category":"Transportation Captain"},{"nameID":"1586926","name":"Steve Wolfe","category":"Assistant Camera"},{"nameID":"1586932","name":"Frank Roughan","category":"Transportation Captain"},{"nameID":"1599632","name":"Peter Mavromates","category":"Post Production Supervisor"},{"nameID":"1614187","name":"Kevin Brown","category":"Lighting Technician"},{"nameID":"1621223","name":"Tani Kunitake","category":"Production Illustrator"},{"nameID":"1622111","name":"Michael Arvanitis","category":"Best Boy Electric"},{"nameID":"1646055","name":"Robert Mehnert","category":"Aerial Camera"},{"nameID":"1691197","name":"Michael J. Coo","category":"Key Grip"},{"nameID":"1693424","name":"Mirela Rupic","category":"Assistant Costume Designer"},{"nameID":"1708007","name":"Charles W. Belisle","category":"Set Dressing Artist"},{"nameID":"1728281","name":"Tammy DeRuiter","category":"Painter"},{"nameID":"1735467","name":"Kieran Woo","category":"Production Controller"},{"nameID":"1735477","name":"Wayne Tidwell","category":"Video Assist Operator"},{"nameID":"1741114","name":"Bryan Duff","category":"Assistant Property Master"},{"nameID":"1749891","name":"S. Quinn","category":"Art Department Coordinator"},{"nameID":"1749892","name":"Jack Robinson","category":"Location Scout"},{"nameID":"1749896","name":"Greg Solomon","category":"Prosthetic Makeup Artist"},{"nameID":"1749897","name":"Yann Blondel","category":"CG Supervisor"},{"nameID":"1749899","name":"Gary Kanner","category":"Camera Loader"},{"nameID":"1749901","name":"Karman Graham","category":"Post Production Assistant"},{"nameID":"1749902","name":"Carrie Shaw","category":"Production Office Assistant"},{"nameID":"1749904","name":"David B. Brenner","category":"Propmaker"},{"nameID":"1749906","name":"Roy 'Bucky' Moore","category":"Property Master"},{"nameID":"1749907","name":"Katherine Jones","category":"Set Medic"},{"nameID":"1749908","name":"Lucio I. Flores","category":"Software Engineer"},{"nameID":"1749910","name":"Chad Keller","category":"Stand In"},{"nameID":"1749916","name":"Leon Xiao","category":"Systems Administrators & Support"},{"nameID":"1749920","name":"Ronald A. Miller","category":"Rigging Grip"},{"nameID":"1749921","name":"Flint Maloney","category":"Location Manager"},{"nameID":"1749922","name":"Jim Davidson","category":"Production Accountant"},{"nameID":"1749923","name":"Jessica Bellfort","category":"Assistant Sound Editor"},{"nameID":"1749924","name":"Jim Rutherford","category":"3D Animator"},{"nameID":"1749925","name":"Lauren A. Littleton","category":"Visual Effects Coordinator"},{"nameID":"1749926","name":"Misa Kageyama","category":"Assistant Sound Designer"},{"nameID":"1758614","name":"Bob Wagner","category":"Second Assistant Director"},{"nameID":"1758616","name":"Julie L. Pearce","category":"Key Makeup Artist"},{"nameID":"1758622","name":"Christie Cean George","category":"Casting Assistant"},{"nameID":"1787833","name":"Ryan Laney","category":"Visual Effects Technical Director"},{"nameID":"1854468","name":"Michael Brennan","category":"Dolly Grip"},{"nameID":"1855155","name":"Peter J. Kelly","category":"Set Designer"},{"nameID":"1859748","name":"Ron Frankel","category":"Pre-Visualization Supervisor"},{"nameID":"2220072","name":"Scott Ross","category":"General Manager"},{"nameID":"2223905","name":"Craig Kohtala","category":"Best Boy Grip"},{"nameID":"2237171","name":"Eileen M. Dennis","category":"Second Assistant Accountant"},{"nameID":"2254345","name":"Danielle Simpson","category":"Set Dressing Buyer"},{"nameID":"2254357","name":"Chris Gutierrez","category":"Assistant Location Manager"},{"nameID":"2254358","name":"Raymond Bongiovanni","category":"In Memory Of"},{"nameID":"2254359","name":"David Bailey","category":"Matte Painter"},{"nameID":"2254360","name":"Cindy Nevins","category":"Payroll Accountant"},{"nameID":"2254362","name":"Tanya Doyle","category":"Production Assistant"},{"nameID":"2254363","name":"Shaun Ryan","category":"Production Driver"},{"nameID":"2355555","name":"Ryan Christopher Keys","category":"Stunts"}],"rating":{"avRating":"8.44","nVotes":"28017"}},{"titleID":"289732","type":"movie","originalTitle":"屍城","titlePoster":"/u8u3KVq0qfJYmNDsaTVOXy4So6f.jpg","startYear":"2014","endYear":"","genres":[{"genreTitle":"Action"},{"genreTitle":"Horror"}],"titleAkas":[{"akaTitle":"Shi cheng","regionAbbrev":"HK"},{"akaTitle":"Corpse City","regionAbbrev":"HK"}],"principals":[{"nameID":"63585","name":"Andy On","category":"actor"},{"nameID":"570253","name":"Jessica Cambensy","category":"actor"},{"nameID":"1174366","name":"Jack Kao","category":"actor"},{"nameID":"100585","name":"Philip Ng Wan-Lung","category":"actor"},{"nameID":"64896","name":"Michael Wong","category":"actor"},{"nameID":"74196","name":"Terence Yin","category":"actor"},{"nameID":"125105","name":"Derek Tsang Kwok-Cheung","category":"actor"},{"nameID":"1238018","name":"Abby Fung","category":"actor"},{"nameID":"228915","name":"Gu Bao-Ming","category":"actor"},{"nameID":"65943","name":"Frankie Ng Chi-Hung","category":"actor"},{"nameID":"1539662","name":"Zhang Han","category":"actor"},{"nameID":"1371118","name":"Heng-Yin Chou","category":"actor"},{"nameID":"1609445","name":"Sharon Hsu","category":"actor"},{"nameID":"1307402","name":"Candy Yuen","category":"actor"},{"nameID":"1722061","name":"MC Hotdog","category":"actor"},{"nameID":"26775","name":"Lau Kar-leung","category":"actor"},{"nameID":"557290","name":"Chie Jen-hao","category":"Director"},{"nameID":"557290","name":"Chie Jen-hao","category":"Writer"},{"nameID":"3054460","name":"Maggie Choy Yin Ching","category":"Makeup Artist"}],"rating":{"avRating":"5.593","nVotes":"91"}},{"titleID":"55638","type":"tv","originalTitle":"Jamie and Jimmy's Food Fight Club","titlePoster":"/s9xrsOecW13DtsbQaAzkdCJw8jA.jpg","startYear":"2012","endYear":"2021","genres":[{"genreTitle":"Reality"}],"titleAkas":[],"principals":[{"nameID":"216270","name":"Jamie Oliver","category":"Acting"},{"nameID":"1346786","name":"Jimmy Doherty","category":"Acting"}],"rating":{"avRating":"7","nVotes":"1"}},{"titleID":"55554","type":"tv","originalTitle":"Fight Club - A History of Violence","titlePoster":"","startYear":"2012","endYear":"2012","genres":[{"genreTitle":"Documentary"}],"titleAkas":[],"principals":[],"rating":{"avRating":"0","nVotes":"0"}},{"titleID":"58898","type":"tv","originalTitle":"Outback Fight Club","titlePoster":"","startYear":"","endYear":"","genres":[],"titleAkas":[],"principals":[],"rating":{"avRating":"0","nVotes":"0"}},{"titleID":"158215","type":"tv","originalTitle":"Knife Fight Club","titlePoster":"","startYear":"2018","endYear":"2018","genres":[{"genreTitle":"Reality"}],"titleAkas":[],"principals":[{"nameID":"2597999","name":"Annie Hoffmann","category":"Acting"},{"nameID":"1368453","name":"Tim Mälzer","category":"Acting"},{"nameID":"2658868","name":"Tim Raue","category":"Acting"}],"rating":{"avRating":"0","nVotes":"0"}},{"titleID":"323667","type":"movie","originalTitle":"Вставай и бейся","titlePoster":"/rPCOC0myV3Vr7nYGMAOAOpUXgH3.jpg","startYear":"2015","endYear":"","genres":[{"genreTitle":"Comedy"},{"genreTitle":"Drama"}],"titleAkas":[{"akaTitle":"I calcianti","regionAbbrev":"IT"},{"akaTitle":"Vstavay i beysya","regionAbbrev":"RU"}],"principals":[{"nameID":"94255","name":"Francesco Scianna","category":"actor"},{"nameID":"10916","name":"Caterina Murino","category":"actor"},{"nameID":"54620","name":"Branko Đurić","category":"actor"},{"nameID":"1423372","name":"Vauro Senesi","category":"actor"},{"nameID":"119366","name":"Francesca Inaudi","category":"actor"},{"nameID":"80589","name":"Guido Caprino","category":"actor"},{"nameID":"1024948","name":"Alex Sparrow","category":"actor"},{"nameID":"126988","name":"Sergio Albelli","category":"actor"},{"nameID":"228262","name":"Sabina Akhmedova","category":"actor"},{"nameID":"1299312","name":"Francesco Arca","category":"actor"},{"nameID":"1145012","name":"Nadir Caselli","category":"actor"},{"nameID":"585364","name":"Paolo Cioni","category":"actor"},{"nameID":"26284","name":"Giacomo Gonnella","category":"actor"},{"nameID":"120130","name":"Giulia Michelini","category":"actor"},{"nameID":"1273675","name":"Francesco Cenni","category":"Co-Writer"},{"nameID":"1423369","name":"Stefano Lorenzi","category":"Director"},{"nameID":"1423369","name":"Stefano Lorenzi","category":"Story"},{"nameID":"1423369","name":"Stefano Lorenzi","category":"Co-Writer"},{"nameID":"1605767","name":"Cosimo Calamini","category":"Co-Writer"},{"nameID":"2192905","name":"Vanessa Picciarelli","category":"Co-Writer"}],"rating":{"avRating":"7.34","nVotes":"25"}},{"titleID":"115897","type":"tv","originalTitle":"Fight Club","titlePoster":"/o2b0S3rSMhAlfsCRQyD6EsDzqca.jpg","startYear":"2021","endYear":"2021","genres":[],"titleAkas":[],"principals":[],"rating":{"avRating":"5","nVotes":"1"}},{"titleID":"1213076","type":"movie","originalTitle":"Fight Club","titlePoster":"/1h6t9nCYVWOLRskB35K51payMok.jpg","startYear":"2023","endYear":"","genres":[{"genreTitle":"Action"},{"genreTitle":"Drama"},{"genreTitle":"Thriller"}],"titleAkas":[],"principals":[{"nameID":"1634787","name":"Vijay Kumar","category":"actor"},{"nameID":"3531346","name":"Monisha Mohan Menon","category":"actor"},{"nameID":"1540757","name":"Avinash Raghudevan","category":"actor"},{"nameID":"2022562","name":"Kaarthekeyen Santhanam","category":"actor"},{"nameID":"4419928","name":"Shankar Thas","category":"actor"},{"nameID":"3199752","name":"Saravana Vel","category":"actor"},{"nameID":"1634787","name":"Vijay Kumar","category":"Dialogue"},{"nameID":"1649690","name":"Renganaath Ravee","category":"Sound Designer"},{"nameID":"1882390","name":"Govindh Vasantha","category":"Original Music Composer"},{"nameID":"2112010","name":"Sandy","category":"Choreographer"},{"nameID":"2162373","name":"Kripakaran Purushothaman","category":"Editor"},{"nameID":"2280727","name":"Ezhumalai Adikesavan","category":"Art Direction"},{"nameID":"2282765","name":"Raghu Ram","category":"Makeup Artist"},{"nameID":"2339047","name":"Dinesh Manoharan","category":"Costume Designer"},{"nameID":"4410350","name":"Abbas A Rahmath","category":"Director"},{"nameID":"4410350","name":"Abbas A Rahmath","category":"Dialogue"},{"nameID":"4410350","name":"Abbas A Rahmath","category":"Writer"},{"nameID":"4410351","name":"Leon Britto","category":"Director of Photography"}],"rating":{"avRating":"3.8","nVotes":"2"}},{"titleID":"7466","type":"tv","originalTitle":"Jurassic Fight Club","titlePoster":"/lvqSbroxgBX7Z4HhogocDh824Xc.jpg","startYear":"2008","endYear":"2008","genres":[{"genreTitle":"Documentary"}],"titleAkas":[],"principals":[{"nameID":"1232187","name":"Erik Thompson","category":"Acting"},{"nameID":"1261900","name":"George Blasing","category":"Writing"}],"rating":{"avRating":"9","nVotes":"3"}},{"titleID":"156696","type":"tv","originalTitle":"ICW Fight Club","titlePoster":"","startYear":"2015","endYear":"2022","genres":[],"titleAkas":[],"principals":[],"rating":{"avRating":"0","nVotes":"0"}},{"titleID":"35719","type":"tv","originalTitle":"Comedy fight club","titlePoster":"/n5UD56Y9c49MEpzc1HiEvV6vxpT.jpg","startYear":"2007","endYear":"2009","genres":[{"genreTitle":"Comedy"},{"genreTitle":"Reality"}],"titleAkas":[],"principals":[{"nameID":"3133615","name":"Morten Sørensen","category":"Acting"},{"nameID":"3133616","name":"Mikkel Malmberg","category":"Acting"},{"nameID":"68452","name":"Pelle Hvenegaard","category":"Acting"},{"nameID":"91568","name":"Carsten Bang","category":"Acting"},{"nameID":"1308284","name":"Morden May","category":"Acting"},{"nameID":"2110194","name":"Morten Wichmann","category":"Acting"},{"nameID":"1299251","name":"Nikolaj Stokholm","category":"Acting"},{"nameID":"1824057","name":"Rasmus Ellersgaard","category":"Acting"}],"rating":{"avRating":"8","nVotes":"1"}},{"titleID":"973534","type":"movie","originalTitle":"Бойцовский клуб (русская версия)","titlePoster":"","startYear":"","endYear":"","genres":[],"titleAkas":[],"principals":[],"rating":{"avRating":"8.229","nVotes":"24"}},{"titleID":"78691","type":"tv","originalTitle":"Bare Knuckle Fight Club","titlePoster":"/wMLyyDZRmT6ih3wqmr4qmHGYVWu.jpg","startYear":"2017","endYear":"2017","genres":[],"titleAkas":[],"principals":[{"nameID":"1117449","name":"Ed Perkins","category":"Directing"}],"rating":{"avRating":"6.8","nVotes":"4"}},{"titleID":"883656","type":"movie","originalTitle":"GCW Fight Club","titlePoster":"/a9RWdhRLyx3BqCjlwmZJHXyeMkR.jpg","startYear":"2021","endYear":"","genres":[],"titleAkas":[{"akaTitle":"Game Changer Wrestling","regionAbbrev":"US"}],"principals":[{"nameID":"1170014","name":"Jonathan David Good","category":"actor"},{"nameID":"1515624","name":"Nicholas W. Wilson","category":"actor"},{"nameID":"77763","name":"Mick Foley","category":"actor"},{"nameID":"1096280","name":"Matthew Cardona","category":"actor"},{"nameID":"1570665","name":"Lionel Gerard Green","category":"actor"},{"nameID":"1576554","name":"Melissa Cervantes","category":"actor"},{"nameID":"1852889","name":"Chelsea Cardona","category":"actor"},{"nameID":"1275411","name":"Jamin Pugh","category":"actor"},{"nameID":"1275412","name":"Mark Pugh","category":"actor"},{"nameID":"2177395","name":"Jimmy Lloyd","category":"actor"},{"nameID":"2915814","name":"Christopher Heyward III","category":"actor"},{"nameID":"2832666","name":"Jordan Oliver","category":"actor"},{"nameID":"1570645","name":"Glen Benton","category":"actor"},{"nameID":"1581799","name":"Joseph Janela","category":"actor"},{"nameID":"2113719","name":"Noah Nelms","category":"actor"},{"nameID":"3489742","name":"Brenden McAleavey","category":"actor"},{"nameID":"3281311","name":"Dylan Sieng","category":"actor"},{"nameID":"2027357","name":"A.J. Gray","category":"actor"},{"nameID":"2177397","name":"Mance Warner","category":"actor"},{"nameID":"1432961","name":"Matthew Hannan","category":"actor"},{"nameID":"3393495","name":"Alex Atkisson","category":"actor"},{"nameID":"3393369","name":"Alex Colon","category":"actor"},{"nameID":"3384209","name":"Brandon Graver","category":"actor"},{"nameID":"3393393","name":"Antonio San Francisco","category":"actor"},{"nameID":"3278626","name":"Dante Leon","category":"actor"},{"nameID":"3218252","name":"Charles Santo","category":"actor"},{"nameID":"3336250","name":"Taylor Gibson","category":"actor"},{"nameID":"3495940","name":"Atticus Cogar","category":"actor"},{"nameID":"3281312","name":"Charlie Hilder","category":"actor"},{"nameID":"3317827","name":"Alex Brandenburg","category":"actor"},{"nameID":"3510651","name":"Timothy Shane Goode","category":"actor"}],"rating":{"avRating":"7.765","nVotes":"17"}},{"titleID":"51021","type":"movie","originalTitle":"A Lure: Teen Fight Club","titlePoster":"/ipl6NdM0LwyakzLH9gKBDn8YhmZ.jpg","startYear":"2010","endYear":"","genres":[{"genreTitle":"Action"},{"genreTitle":"Drama"},{"genreTitle":"Crime"}],"titleAkas":[],"principals":[{"nameID":"1153680","name":"Jessica Sonneborn","category":"actor"},{"nameID":"146837","name":"Michael McLafferty","category":"actor"},{"nameID":"94171","name":"Paulie Redding","category":"actor"},{"nameID":"1014696","name":"Augie Duke","category":"actor"},{"nameID":"1569538","name":"Casey Reinhardt","category":"actor"},{"nameID":"104469","name":"Sita Young","category":"actor"},{"nameID":"149468","name":"Ryan Bittle","category":"actor"},{"nameID":"21723","name":"Robert Baker","category":"actor"},{"nameID":"46927","name":"Josh Hammond","category":"actor"},{"nameID":"1128775","name":"Kevin DiNovis","category":"actor"},{"nameID":"111518","name":"Devon Graye","category":"actor"},{"nameID":"1569855","name":"Eric McIntire","category":"actor"},{"nameID":"63465","name":"Marieh Delfino","category":"actor"},{"nameID":"21119","name":"Michael J. Duthie","category":"Editor"},{"nameID":"21482","name":"Ross Berryman","category":"Director of Photography"},{"nameID":"83656","name":"Michael Viglietta","category":"Story"},{"nameID":"1153680","name":"Jessica Sonneborn","category":"Producer"},{"nameID":"1153680","name":"Jessica Sonneborn","category":"Writer"},{"nameID":"1214215","name":"Roy Firestone","category":"Music"},{"nameID":"1496388","name":"Bill McAdams Jr.","category":"Director"},{"nameID":"1496388","name":"Bill McAdams Jr.","category":"Producer"},{"nameID":"1496388","name":"Bill McAdams Jr.","category":"Story"},{"nameID":"1583701","name":"Jessica Harbeck","category":"Stunt Double"}],"rating":{"avRating":"7.474","nVotes":"19"}},{"titleID":"347807","type":"movie","originalTitle":"Fight Club: Members Only","titlePoster":"/aXFmWfWYCCxQTkCn7K86RvDiMHZ.jpg","startYear":"2006","endYear":"","genres":[{"genreTitle":"Action"}],"titleAkas":[],"principals":[{"nameID":"85730","name":"Suniel Shetty","category":"actor"},{"nameID":"86009","name":"Sohail Khan","category":"actor"},{"nameID":"85731","name":"Zayed Khan","category":"actor"},{"nameID":"84957","name":"Ritesh Deshmukh","category":"actor"},{"nameID":"86304","name":"Dino Morea","category":"actor"},{"nameID":"86282","name":"Ashmit Patel","category":"actor"},{"nameID":"86087","name":"Aashish Chaudhary","category":"actor"},{"nameID":"85669","name":"Dia Mirza","category":"actor"},{"nameID":"86069","name":"Neha Dhupia","category":"actor"},{"nameID":"77236","name":"Amrita Arora","category":"actor"},{"nameID":"37234","name":"Rahul Dev","category":"actor"},{"nameID":"1060555","name":"Yash Tonk","category":"actor"},{"nameID":"85588","name":"Murli Sharma","category":"actor"},{"nameID":"53377","name":"Kulbhushan Kharbanda","category":"actor"},{"nameID":"1662294","name":"Puneet Vasishtha","category":"actor"},{"nameID":"71273","name":"Pritam Chakraborty","category":"Music"},{"nameID":"89151","name":"Sudeep Chatterjee","category":"Cinematography"},{"nameID":"85056","name":"Rameshwar S. Bhagat","category":"Editor"},{"nameID":"86009","name":"Sohail Khan","category":"Screenplay"},{"nameID":"86009","name":"Sohail Khan","category":"Producer"},{"nameID":"86009","name":"Sohail Khan","category":"Story"},{"nameID":"1457344","name":"Mayur Puri","category":"Dialogue"},{"nameID":"1662295","name":"Vikram Chopra","category":"Director"}],"rating":{"avRating":"6.295","nVotes":"22"}},{"titleID":"234353","type":"tv","originalTitle":"The Good Fight Club","titlePoster":"/1EJqwLN2dIpHWdqyBJLk4aVRKJB.jpg","startYear":"2023","endYear":"2023","genres":[{"genreTitle":"Documentary"}],"titleAkas":[],"principals":[{"nameID":"4260105","name":"Jack Retallack","category":"Directing"},{"nameID":"4260107","name":"Liz Biggs","category":"Directing"}],"rating":{"avRating":"7","nVotes":"1"}},{"titleID":"532155","type":"movie","originalTitle":"Musangwe: Fight Club","titlePoster":"/tZDxttt0LfgAKwvLIWyOO3fr01c.jpg","startYear":"2007","endYear":"","genres":[{"genreTitle":"Documentary"}],"titleAkas":[],"principals":[{"nameID":"2676865","name":"Rian Horn","category":"Director"}],"rating":{"avRating":"8.042","nVotes":"12"}},{"titleID":"217572","type":"tv","originalTitle":"Nature's Fight Club","titlePoster":"","startYear":"2021","endYear":"2021","genres":[],"titleAkas":[],"principals":[],"rating":{"avRating":"0","nVotes":"0"}}