0,1,2,3,4,5,6,7,8,9,10,11,12,13,14,15,16,17,18,19
{"nameID":"287","name":"Brad Pitt","namePoster":"/cyWDj8CO7UeKyOnIY1Eu7KwADSO.jpg","birthYr":"1963","deathYr":"","profession":"Acting","nameTitles":[{"titleID":"297","category":"Actor"},{"titleID":"652","category":"Actor"},{"titleID":"787","category":"Actor"},{"titleID":"978","category":"Actor"},{"titleID":"4476","category":"Actor"},{"titleID":"10909","category":"Actor"},{"titleID":"4922","category":"Actor"},{"titleID":"6073","category":"Actor"},{"titleID":"8967","category":"Actor"},{"titleID":"26642","category":"Actor"},{"titleID":"14411","category":"Actor"},{"titleID":"60308","category":"Actor"},{"titleID":"45145","category":"Actor"},{"titleID":"64689","category":"Actor"},{"titleID":"72190","category":"Actor"},{"titleID":"228150","category":"Actor"},{"titleID":"357681","category":"Actor"},{"titleID":"381690","category":"Actor"},{"titleID":"373929","category":"Actor"},{"titleID":"16869","category":"Actor"},{"titleID":"369885","category":"Actor"},{"titleID":"417198","category":"Actor"},{"titleID":"354287","category":"Actor"},{"titleID":"213503","category":"Actor"},{"titleID":"384678","category":"Actor"},{"titleID":"419704","category":"Actor"},{"titleID":"718930","category":"Actor"},{"titleID":"877817","category":"Actor"},{"titleID":"911430","category":"Actor"},{"titleID":"988627","category":"Actor"},{"titleID":"615777","category":"Actor"},{"titleID":"1130444","category":"Actor"},{"titleID":"1185698","category":"Actor"},{"titleID":"1226125","category":"Actor"},{"titleID":"1100223","category":"Actor"},{"titleID":"163","category":"Actor"},{"titleID":"293","category":"Actor"},{"titleID":"298","category":"Actor"},{"titleID":"550","category":"Actor"},{"titleID":"628","category":"Actor"},{"titleID":"807","category":"Actor"},{"titleID":"1535","category":"Actor"},{"titleID":"4512","category":"Actor"},{"titleID":"10917","category":"Actor"},{"titleID":"48448","category":"Actor"},{"titleID":"314385","category":"Actor"},{"titleID":"4477","category":"Actor"},{"titleID":"466272","category":"Actor"},{"titleID":"966496","category":"Actor"},{"titleID":"1118071","category":"Actor"},{"titleID":"1228384","category":"Actor"},{"titleID":"63","category":"Actor"},{"titleID":"107","category":"Actor"},{"titleID":"1164","category":"Actor"},{"titleID":"4944","category":"Actor"},{"titleID":"30565","category":"Actor"},{"titleID":"21799","category":"Actor"},{"titleID":"14239","category":"Actor"},{"titleID":"55059","category":"Actor"},{"titleID":"17171","category":"Actor"},{"titleID":"365717","category":"Actor"},{"titleID":"594392","category":"Actor"},{"titleID":"744539","category":"Actor"},{"titleID":"161","category":"Actor"},{"titleID":"38055","category":"Actor"},{"titleID":"50463","category":"Actor"},{"titleID":"244743","category":"Actor"},{"titleID":"318846","category":"Actor"},{"titleID":"576131","category":"Actor"},{"titleID":"850390","category":"Actor"},{"titleID":"1231307","category":"Actor"},{"titleID":"1232965","category":"Actor"},{"titleID":"819","category":"Actor"},{"titleID":"109091","category":"Actor"},{"titleID":"755664","category":"Actor"},{"titleID":"752623","category":"Actor"},{"titleID":"1214615","category":"Actor"},{"titleID":"1541","category":"Actor"},{"titleID":"209340","category":"Actor"},{"titleID":"585240","category":"Actor"},{"titleID":"357659","category":"Actor"},{"titleID":"319","category":"Actor"},{"titleID":"15186","category":"Actor"},{"titleID":"961030","category":"Actor"},{"titleID":"65759","category":"Actor"},{"titleID":"76203","category":"Actor"},{"titleID":"109404","category":"Actor"},{"titleID":"319714","category":"Actor"},{"titleID":"327962","category":"Actor"},{"titleID":"63472","category":"Actor"},{"titleID":"292790","category":"Actor"},{"titleID":"460224","category":"Actor"},{"titleID":"32227","category":"Actor"},{"titleID":"75451","category":"Actor"},{"titleID":"1167599","category":"Actor"},{"titleID":"574379","category":"Actor"},{"titleID":"383498","category":"Actor"},{"titleID":"567604","category":"Actor"},{"titleID":"1242980","category":"Actor"},{"titleID":"846652","category":"Actor"},{"titleID":"10083","category":"Actor"},{"titleID":"738017","category":"Actor"},{"titleID":"691179","category":"Actor"},{"titleID":"631143","category":"Actor"},{"titleID":"1113682","category":"Actor"},{"titleID":"13703","category":"Actor"},{"titleID":"68996","category":"Actor"},{"titleID":"4912","category":"Actor"},{"titleID":"34379","category":"Actor"},{"titleID":"47912","category":"Actor"},{"titleID":"126314","category":"Actor"},{"titleID":"499117","category":"Actor"},{"titleID":"42348","category":"Actor"},{"titleID":"40196","category":"Actor"},{"titleID":"492","category":"Actor"},{"titleID":"37757","category":"Actor"},{"titleID":"54","category":"Actor"},{"titleID":"1795","category":"Actor"},{"titleID":"1900","category":"Actor"},{"titleID":"2122","category":"Actor"},{"titleID":"4325","category":"Actor"},{"titleID":"4346","category":"Actor"},{"titleID":"4573","category":"Actor"},{"titleID":"29999","category":"Actor"},{"titleID":"1448","category":"Actor"},{"titleID":"1486","category":"Actor"},{"titleID":"1668","category":"Actor"},{"titleID":"1709","category":"Actor"},{"titleID":"2224","category":"Actor"},{"titleID":"2391","category":"Actor"},{"titleID":"2589","category":"Actor"},{"titleID":"3626","category":"Actor"},{"titleID":"10946","category":"Actor"},{"titleID":"72025","category":"Actor"},{"titleID":"72025","category":"Actor"},{"titleID":"27023","category":"Actor"},{"titleID":"4419","category":"Actor"},{"titleID":"100347","category":"Actor"},{"titleID":"39754","category":"Actor"},{"titleID":"15025","category":"Actor"},{"titleID":"40","category":"Actor"},{"titleID":"54","category":"Actor"},{"titleID":"4656","category":"Actor"},{"titleID":"102905","category":"Actor"},{"titleID":"101214","category":"Actor"},{"titleID":"71494","category":"Actor"},{"titleID":"97084","category":"Actor"},{"titleID":"133401","category":"Actor"},{"titleID":"3165","category":"Actor"},{"titleID":"2851","category":"Actor"},{"titleID":"111979","category":"Actor"},{"titleID":"105197","category":"Actor"},{"titleID":"402970","category":"Thanks"},{"titleID":"369773","category":"Thanks"},{"titleID":"16523","category":"Thanks"},{"titleID":"82686","category":"Thanks"},{"titleID":"1422","category":"Producer"},{"titleID":"1988","category":"Producer"},{"titleID":"4512","category":"Producer"},{"titleID":"23483","category":"Producer"},{"titleID":"7510","category":"Producer"},{"titleID":"24420","category":"Executive Producer"},{"titleID":"38167","category":"Executive Producer"},{"titleID":"64689","category":"Producer"},{"titleID":"72190","category":"Producer"},{"titleID":"76203","category":"Producer"},{"titleID":"113833","category":"Producer"},{"titleID":"174349","category":"Executive Producer"},{"titleID":"60308","category":"Producer"},{"titleID":"301502","category":"Producer"},{"titleID":"228150","category":"Executive Producer"},{"titleID":"273895","category":"Executive Producer"},{"titleID":"245706","category":"Executive Producer"},{"titleID":"8967","category":"Producer"},{"titleID":"318846","category":"Producer"},{"titleID":"314385","category":"Producer"},{"titleID":"384678","category":"Producer"},{"titleID":"387426","category":"Executive Producer"},{"titleID":"425980","category":"Producer"},{"titleID":"86822","category":"Producer"},{"titleID":"376867","category":"Executive Producer"},{"titleID":"417198","category":"Producer"},{"titleID":"59859","category":"Producer"},{"titleID":"357681","category":"Producer"},{"titleID":"277662","category":"Executive Producer"},{"titleID":"84284","category":"Executive Producer"},{"titleID":"4475","category":"Executive Producer"},{"titleID":"13574","category":"Executive Producer"},{"titleID":"15325","category":"Executive Producer"},{"titleID":"429197","category":"Producer"},{"titleID":"419704","category":"Producer"},{"titleID":"451915","category":"Producer"},{"titleID":"499466","category":"Producer"},{"titleID":"508578","category":"Producer"},{"titleID":"354287","category":"Producer"},{"titleID":"465914","category":"Executive Producer"},{"titleID":"314095","category":"Executive Producer"},{"titleID":"522039","category":"Executive Producer"},{"titleID":"631731","category":"Executive Producer"},{"titleID":"504949","category":"Producer"},{"titleID":"595148","category":"Executive Producer"},{"titleID":"541305","category":"Executive Producer"},{"titleID":"749418","category":"Executive Producer"},{"titleID":"766159","category":"Executive Producer"},{"titleID":"782805","category":"Producer"},{"titleID":"615643","category":"Executive Producer"},{"titleID":"837881","category":"Producer"},{"titleID":"842096","category":"Executive Producer"},{"titleID":"917496","category":"Producer"},{"titleID":"746419","category":"Executive Producer"},{"titleID":"777411","category":"Producer"},{"titleID":"777245","category":"Executive Producer"},{"titleID":"696506","category":"Executive Producer"},{"titleID":"1212934","category":"Producer"},{"titleID":"877817","category":"Producer"},{"titleID":"802219","category":"Executive Producer"},{"titleID":"69851","category":"Executive Producer"},{"titleID":"69061","category":"Executive Producer"},{"titleID":"6860","category":"Executive Producer"},{"titleID":"80039","category":"Executive Producer"},{"titleID":"90259","category":"Executive Producer"},{"titleID":"113985","category":"Executive Producer"},{"titleID":"233356","category":"Producer"},{"titleID":"108545","category":"Executive Producer"},{"titleID":"208061","category":"Executive Producer"}]},{"nameID":"10692","name":"Michael Pitt","namePoster":"/mKSjyfqcXTVjFhIFw6Esjlz1Tps.jpg","birthYr":"1981","deathYr":"","profession":"Acting","nameTitles":[{"titleID":"1278","category":"Actor"},{"titleID":"1665","category":"Actor"},{"titleID":"71507","category":"Actor"},{"titleID":"57289","category":"Actor"},{"titleID":"244267","category":"Actor"},{"titleID":"243935","category":"Actor"},{"titleID":"410605","category":"Actor"},{"titleID":"669356","category":"Actor"},{"titleID":"1095435","category":"Actor"},{"titleID":"13650","category":"Actor"},{"titleID":"14753","category":"Actor"},{"titleID":"448078","category":"Actor"},{"titleID":"494214","category":"Actor"},{"titleID":"546376","category":"Actor"},{"titleID":"339095","category":"Actor"},{"titleID":"591774","category":"Actor"},{"titleID":"8461","category":"Actor"},{"titleID":"334527","category":"Actor"},{"titleID":"315837","category":"Actor"},{"titleID":"44813","category":"Actor"},{"titleID":"11892","category":"Actor"},{"titleID":"9517","category":"Actor"},{"titleID":"628922","category":"Actor"},{"titleID":"866463","category":"Actor"},{"titleID":"336199","category":"Actor"},{"titleID":"711","category":"Actor"},{"titleID":"302156","category":"Actor"},{"titleID":"505513","category":"Actor"},{"titleID":"86838","category":"Actor"},{"titleID":"122809","category":"Actor"},{"titleID":"148885","category":"Actor"},{"titleID":"13403","category":"Actor"},{"titleID":"26579","category":"Actor"},{"titleID":"6947","category":"Actor"},{"titleID":"1070777","category":"Actor"},{"titleID":"79586","category":"Actor"},{"titleID":"157824","category":"Actor"},{"titleID":"125300","category":"Actor"},{"titleID":"44826","category":"Actor"},{"titleID":"3682","category":"Actor"},{"titleID":"1621","category":"Actor"},{"titleID":"24209","category":"Actor"},{"titleID":"2734","category":"Actor"},{"titleID":"40008","category":"Actor"},{"titleID":"2327","category":"Actor"},{"titleID":"549","category":"Actor"},{"titleID":"95839","category":"Actor"},{"titleID":"410605","category":"Director"},{"titleID":"410605","category":"Producer"},{"titleID":"334527","category":"Executive Producer"},{"titleID":"353378","category":"Producer"},{"titleID":"244267","category":"Executive Producer"},{"titleID":"243935","category":"Executive Producer"},{"titleID":"402900","category":"Unit Production Manager"},{"titleID":"410605","category":"Music"},{"titleID":"410605","category":"Writer"},{"titleID":"669356","category":"Screenplay"}]},{"nameID":"1229255","name":"Tony Pitts","namePoster":"/yKxag5eLZJ2Oex5bj8RXWIR3LnC.jpg","birthYr":"1962","deathYr":"","profession":"Acting","nameTitles":[{"titleID":"62924","category":"Actor"},{"titleID":"1063756","category":"Actor"},{"titleID":"92711","category":"Actor"},{"titleID":"769646","category":"Actor"},{"titleID":"429194","category":"Actor"},{"titleID":"419916","category":"Actor"},{"titleID":"830332","category":"Actor"},{"titleID":"277237","category":"Actor"},{"titleID":"291084","category":"Actor"},{"titleID":"399220","category":"Actor"},{"titleID":"807351","category":"Actor"},{"titleID":"50497","category":"Actor"},{"titleID":"291092","category":"Actor"},{"titleID":"215517","category":"Actor"},{"titleID":"521530","category":"Actor"},{"titleID":"42762","category":"Actor"},{"titleID":"57212","category":"Actor"},{"titleID":"330459","category":"Actor"},{"titleID":"146198","category":"Actor"},{"titleID":"2585","category":"Actor"},{"titleID":"39551","category":"Actor"},{"titleID":"2072","category":"Actor"},{"titleID":"22464","category":"Actor"},{"titleID":"45482","category":"Actor"},{"titleID":"60616","category":"Actor"},{"titleID":"12525","category":"Actor"},{"titleID":"34579","category":"Actor"},{"titleID":"61635","category":"Actor"},{"titleID":"3627","category":"Actor"},{"titleID":"83074","category":"Actor"},{"titleID":"60574","category":"Actor"},{"titleID":"94659","category":"Actor"},{"titleID":"60574","category":"Actor"},{"titleID":"108255","category":"Actor"},{"titleID":"111573","category":"Actor"},{"titleID":"86941","category":"Actor"},{"titleID":"2054","category":"Actor"},{"titleID":"2585","category":"Actor"},{"titleID":"19885","category":"Actor"},{"titleID":"1077885","category":"Director"},{"titleID":"419916","category":"Executive Producer"},{"titleID":"419916","category":"Writer"},{"titleID":"62924","category":"Writer"},{"titleID":"1077885","category":"Writer"}]},{"nameID":"1398879","name":"Karen Pittman","namePoster":"/8W9WXyloWrBmOUURLvEWYR8WrMy.jpg","birthYr":"1986","deathYr":"","profession":"Acting","nameTitles":[{"titleID":"582474","category":"Actor"},{"titleID":"962042","category":"Actor"},{"titleID":"1159788","category":"Actor"},{"titleID":"953239","category":"Actor"},{"titleID":"933255","category":"Actor"},{"titleID":"198277","category":"Actor"},{"titleID":"719013","category":"Actor"},{"titleID":"289727","category":"Actor"},{"titleID":"407448","category":"Actor"},{"titleID":"49040","category":"Actor"},{"titleID":"21510","category":"Actor"},{"titleID":"65454","category":"Actor"},{"titleID":"62710","category":"Actor"},{"titleID":"75003","category":"Actor"},{"titleID":"1415","category":"Actor"},{"titleID":"62126","category":"Actor"},{"titleID":"46952","category":"Actor"},{"titleID":"90282","category":"Actor"},{"titleID":"81532","category":"Actor"},{"titleID":"86848","category":"Actor"},{"titleID":"1435","category":"Actor"},{"titleID":"73586","category":"Actor"},{"titleID":"46533","category":"Actor"},{"titleID":"36","category":"Actor"},{"titleID":"46952","category":"Actor"},{"titleID":"62126","category":"Actor"},{"titleID":"85273","category":"Actor"},{"titleID":"116450","category":"Actor"},{"titleID":"4608","category":"Actor"},{"titleID":"549","category":"Actor"},{"titleID":"1411","category":"Actor"},{"titleID":"2734","category":"Actor"},{"titleID":"82873","category":"Actor"}]},{"nameID":"83739","name":"Ingrid Pitt","namePoster":"/7QL1k2N66CUyjp4TjNNulg91E6m.jpg","birthYr":"1937","deathYr":"2010","profession":"Acting","nameTitles":[{"titleID":"31952","category":"Actor"},{"titleID":"39043","category":"Actor"},{"titleID":"398896","category":"Actor"},{"titleID":"893997","category":"Actor"},{"titleID":"118836","category":"Actor"},{"titleID":"364056","category":"Actor"},{"titleID":"21603","category":"Actor"},{"titleID":"425711","category":"Actor"},{"titleID":"140359","category":"Actor"},{"titleID":"290537","category":"Actor"},{"titleID":"114178","category":"Actor"},{"titleID":"705124","category":"Actor"},{"titleID":"499405","category":"Actor"},{"titleID":"227008","category":"Actor"},{"titleID":"16307","category":"Actor"},{"titleID":"450728","category":"Actor"},{"titleID":"665939","category":"Actor"},{"titleID":"1215408","category":"Actor"},{"titleID":"83123","category":"Actor"},{"titleID":"495440","category":"Actor"},{"titleID":"714455","category":"Actor"},{"titleID":"438102","category":"Actor"},{"titleID":"40157","category":"Actor"},{"titleID":"437719","category":"Actor"},{"titleID":"19322","category":"Actor"},{"titleID":"92766","category":"Actor"},{"titleID":"37614","category":"Actor"},{"titleID":"628603","category":"Actor"},{"titleID":"227440","category":"Actor"},{"titleID":"39261","category":"Actor"},{"titleID":"46971","category":"Actor"},{"titleID":"18870","category":"Actor"},{"titleID":"479100","category":"Actor"},{"titleID":"1022851","category":"Actor"},{"titleID":"41956","category":"Actor"},{"titleID":"11046","category":"Actor"},{"titleID":"52348","category":"Actor"},{"titleID":"986","category":"Actor"},{"titleID":"76240","category":"Actor"},{"titleID":"106396","category":"Actor"},{"titleID":"4260","category":"Actor"},{"titleID":"17768","category":"Actor"},{"titleID":"907","category":"Actor"},{"titleID":"700","category":"Actor"},{"titleID":"121","category":"Actor"},{"titleID":"2853","category":"Actor"},{"titleID":"4582","category":"Actor"},{"titleID":"18222","category":"Actor"},{"titleID":"20053","category":"Actor"},{"titleID":"136","category":"Actor"},{"titleID":"121","category":"Actor"},{"titleID":"8968","category":"Actor"},{"titleID":"12791","category":"Actor"},{"titleID":"40157","category":"Thanks"},{"titleID":"893997","category":"Writer"}]},{"nameID":"1447382","name":"Joe Pitt","namePoster":"","birthYr":"","deathYr":"","profession":"Visual Effects","nameTitles":[{"titleID":"531326","category":"Actor"},{"titleID":"82690","category":"Visual Development"},{"titleID":"13158","category":"Animation"},{"titleID":"51162","category":"Visual Development"},{"titleID":"529203","category":"Character Designer"},{"titleID":"1139829","category":"Character Designer"},{"titleID":"40075","category":"Art Department Manager"},{"titleID":"61175","category":"Art Department Manager"},{"titleID":"46879","category":"Storyboard"},{"titleID":"40075","category":"Director"},{"titleID":"46879","category":"Writer"},{"titleID":"251","category":"Animation"},{"titleID":"45013","category":"Creator"}]},{"nameID":"54414","name":"Jacob Pitts","namePoster":"/hSgGV6HNDk9GHObRkOGyFue0WUu.jpg","birthYr":"1979","deathYr":"","profession":"Acting","nameTitles":[{"titleID":"44118","category":"Actor"},{"titleID":"9352","category":"Actor"},{"titleID":"75160","category":"Actor"},{"titleID":"238984","category":"Actor"},{"titleID":"584420","category":"Actor"},{"titleID":"15662","category":"Actor"},{"titleID":"224250","category":"Actor"},{"titleID":"8065","category":"Actor"},{"titleID":"1107293","category":"Actor"},{"titleID":"30331","category":"Actor"},{"titleID":"8665","category":"Actor"},{"titleID":"47500","category":"Actor"},{"titleID":"4688","category":"Actor"},{"titleID":"1436","category":"Actor"},{"titleID":"16997","category":"Actor"},{"titleID":"1415","category":"Actor"},{"titleID":"1411","category":"Actor"},{"titleID":"549","category":"Actor"},{"titleID":"39852","category":"Actor"},{"titleID":"80335","category":"Actor"},{"titleID":"2734","category":"Actor"},{"titleID":"64199","category":"Actor"},{"titleID":"66840","category":"Actor"},{"titleID":"1912","category":"Actor"},{"titleID":"16729","category":"Actor"},{"titleID":"105","category":"Actor"},{"titleID":"46952","category":"Actor"}]},{"nameID":"1371981","name":"Kenny Pittenger","namePoster":"","birthYr":"","deathYr":"","profession":"Directing","nameTitles":[{"titleID":"102321","category":"Actor"},{"titleID":"296436","category":"Director"},{"titleID":"799012","category":"Director"},{"titleID":"1238748","category":"Director"},{"titleID":"799012","category":"Writer"},{"titleID":"1238748","category":"Writer"},{"titleID":"102321","category":"Director"},{"titleID":"102321","category":"Writer"},{"titleID":"102321","category":"Storyboard"},{"titleID":"126824","category":"Director"},{"titleID":"61923","category":"Writer"},{"titleID":"387","category":"Layout Supervisor"}]},{"nameID":"1869037","name":"Christiani Pitts","namePoster":"/x423OKk2hEsIo3YImH6jagl9oQl.jpg","birthYr":"1993","deathYr":"","profession":"Acting","nameTitles":[{"titleID":"785539","category":"Actor"},{"titleID":"38322","category":"Actor"},{"titleID":"1415","category":"Actor"},{"titleID":"86848","category":"Actor"},{"titleID":"100079","category":"Actor"},{"titleID":"100408","category":"Actor"},{"titleID":"69158","category":"Actor"},{"titleID":"124394","category":"Actor"},{"titleID":"32692","category":"Actor"},{"titleID":"100079","category":"Director"},{"titleID":"100079","category":"Creator"}]},{"nameID":"1044956","name":"Lloyd Pitts","namePoster":"/xHbhOv2BzC3hKekpDDXK9Up4XYp.jpg","birthYr":"","deathYr":"","profession":"Acting","nameTitles":[{"titleID":"591273","category":"Actor"},{"titleID":"100683","category":"Actor"},{"titleID":"44833","category":"Actor"},{"titleID":"591275","category":"Actor"},{"titleID":"69629","category":"Actor"},{"titleID":"85271","category":"Actor"},{"titleID":"67133","category":"Actor"},{"titleID":"384737","category":"Stunts"},{"titleID":"299534","category":"Stunts"},{"titleID":"385360","category":"Stunts"},{"titleID":"399019","category":"Stunt Double"},{"titleID":"371608","category":"Stunt Double"},{"titleID":"611634","category":"Stunts"},{"titleID":"591273","category":"Stunts"},{"titleID":"591274","category":"Stunts"},{"titleID":"515724","category":"Stunt Double"},{"titleID":"634649","category":"Acting Double"},{"titleID":"1080448","category":"Stunt Coordinator"},{"titleID":"273621","category":"Stunts"},{"titleID":"135858","category":"Stunts"},{"titleID":"85271","category":"Stunt Double"},{"titleID":"88396","category":"Stunts"}]},{"nameID":"4179328","name":"Daou Pittaya Saechua","namePoster":"/3DVEvKqUR8ecI4aFTYGkZmoMDVL.jpg","birthYr":"1998","deathYr":"","profession":"Acting","nameTitles":[{"titleID":"231300","category":"Actor"},{"titleID":"230290","category":"Actor"}]},{"nameID":"1294918","name":"Andrea Pittorino","namePoster":"/gJ2jOtdLQYTq42aN6S6iuzhosEG.jpg","birthYr":"2002","deathYr":"","profession":"Acting","nameTitles":[{"titleID":"414835","category":"Actor"},{"titleID":"1044294","category":"Actor"},{"titleID":"256449","category":"Actor"},{"titleID":"156547","category":"Actor"},{"titleID":"266036","category":"Actor"},{"titleID":"1208490","category":"Actor"},{"titleID":"1026499","category":"Actor"},{"titleID":"606566","category":"Actor"},{"titleID":"75055","category":"Actor"},{"titleID":"89222","category":"Actor"},{"titleID":"723122","category":"Assistant Director"}]},{"nameID":"2110834","name":"Steffanie Pitt","namePoster":"/qEholrz42cAt9FsE87wE45kliwW.jpg","birthYr":"","deathYr":"","profession":"Acting","nameTitles":[{"titleID":"290537","category":"Actor"},{"titleID":"60577","category":"Actor"},{"titleID":"59171","category":"Actor"},{"titleID":"265166","category":"Actor"},{"titleID":"368259","category":"Actor"},{"titleID":"22976","category":"Actor"},{"titleID":"24873","category":"Actor"},{"titleID":"8822","category":"Actor"},{"titleID":"6056","category":"Actor"},{"titleID":"2199","category":"Actor"},{"titleID":"2272","category":"Actor"}]},{"nameID":"1344747","name":"Carl Pitti","namePoster":"","birthYr":"1916","deathYr":"2003","profession":"Acting","nameTitles":[{"titleID":"96337","category":"Actor"},{"titleID":"242276","category":"Actor"},{"titleID":"101557","category":"Actor"},{"titleID":"130425","category":"Actor"},{"titleID":"81512","category":"Actor"},{"titleID":"111470","category":"Actor"},{"titleID":"158359","category":"Actor"},{"titleID":"51802","category":"Actor"},{"titleID":"23194","category":"Actor"},{"titleID":"11901","category":"Actor"},{"titleID":"111390","category":"Actor"},{"titleID":"25914","category":"Actor"},{"titleID":"1781","category":"Actor"},{"titleID":"2440","category":"Actor"},{"titleID":"4808","category":"Actor"},{"titleID":"3713","category":"Actor"},{"titleID":"3713","category":"Actor"},{"titleID":"3713","category":"Actor"},{"titleID":"25914","category":"Stunts"},{"titleID":"11897","category":"Stunts"},{"titleID":"29715","category":"Stunts"},{"titleID":"11901","category":"Stunts"}]},{"nameID":"1551998","name":"Brian Pitt","namePoster":"","birthYr":"1974","deathYr":"","profession":"Production","nameTitles":[{"titleID":"15395","category":"Second Second Assistant Director"},{"titleID":"265208","category":"Executive Producer"},{"titleID":"333386","category":"Executive Producer"},{"titleID":"222461","category":"Executive Producer"},{"titleID":"222461","category":"Line Producer"},{"titleID":"462919","category":"Executive Producer"},{"titleID":"505423","category":"Executive Producer"},{"titleID":"613504","category":"Producer"},{"titleID":"744275","category":"Producer"},{"titleID":"744276","category":"Producer"},{"titleID":"718633","category":"Executive Producer"},{"titleID":"557946","category":"Executive Producer"},{"titleID":"961484","category":"Producer"},{"titleID":"537915","category":"Executive Producer"},{"titleID":"820525","category":"Producer"},{"titleID":"1078600","category":"Producer"},{"titleID":"1016121","category":"Producer"},{"titleID":"1081012","category":"Producer"},{"titleID":"521190","category":"Line Producer"},{"titleID":"521190","category":"Unit Production Manager"},{"titleID":"1122932","category":"Producer"},{"titleID":"21787","category":"Producer"}]},{"nameID":"999876","name":"Peter Pitt","namePoster":"","birthYr":"1927","deathYr":"","profession":"Editing","nameTitles":[{"titleID":"4102","category":"Actor"},{"titleID":"93979","category":"Editor"},{"titleID":"336651","category":"Editor"},{"titleID":"67696","category":"Editor"},{"titleID":"393584","category":"Editor"},{"titleID":"394751","category":"First Assistant Editor"},{"titleID":"294804","category":"Editor"},{"titleID":"116175","category":"Editor"},{"titleID":"675444","category":"First Assistant Editor"},{"titleID":"638677","category":"Editor"},{"titleID":"45282","category":"Editor"},{"titleID":"685294","category":"Editor"},{"titleID":"289435","category":"Assistant Editor"},{"titleID":"490957","category":"Editor"},{"titleID":"93929","category":"Editor"},{"titleID":"573079","category":"Editor"},{"titleID":"203568","category":"Additional Editor"},{"titleID":"1083934","category":"Editor"},{"titleID":"257302","category":"Dialogue Editor"},{"titleID":"4333","category":"Editor"},{"titleID":"4579","category":"Editor"},{"titleID":"2196","category":"Editor"},{"titleID":"15734","category":"Editor"},{"titleID":"2543","category":"Editor"},{"titleID":"2833","category":"Editor"}]},{"nameID":"1213572","name":"Leonora Pitts","namePoster":"/kXSOJoOZlwV2pWKhm8N0JLhUnL2.jpg","birthYr":"","deathYr":"","profession":"Acting","nameTitles":[{"titleID":"551143","category":"Actor"},{"titleID":"323679","category":"Actor"},{"titleID":"960077","category":"Actor"},{"titleID":"1163023","category":"Actor"},{"titleID":"44966","category":"Actor"},{"titleID":"553147","category":"Actor"},{"titleID":"565311","category":"Actor"},{"titleID":"127","category":"Actor"},{"titleID":"2734","category":"Actor"},{"titleID":"63509","category":"Actor"},{"titleID":"61637","category":"Actor"},{"titleID":"2710","category":"Actor"},{"titleID":"87917","category":"Actor"},{"titleID":"72581","category":"Actor"},{"titleID":"79744","category":"Actor"},{"titleID":"637053","category":"Thanks"},{"titleID":"766511","category":"Director"}]},{"nameID":"34746","name":"Zasu Pitts","namePoster":"/yzz6JRsLsmciHcsv7lEigYy2cEy.jpg","birthYr":"1894","deathYr":"1963","profession":"Acting","nameTitles":[{"titleID":"320314","category":"Actor"},{"titleID":"48735","category":"Actor"},{"titleID":"156420","category":"Actor"},{"titleID":"156450","category":"Actor"},{"titleID":"158606","category":"Actor"},{"titleID":"184876","category":"Actor"},{"titleID":"198419","category":"Actor"},{"titleID":"257361","category":"Actor"},{"titleID":"271566","category":"Actor"},{"titleID":"320634","category":"Actor"},{"titleID":"269841","category":"Actor"},{"titleID":"271555","category":"Actor"},{"titleID":"287480","category":"Actor"},{"titleID":"291804","category":"Actor"},{"titleID":"292341","category":"Actor"},{"titleID":"294197","category":"Actor"},{"titleID":"320309","category":"Actor"},{"titleID":"320623","category":"Actor"},{"titleID":"320310","category":"Actor"},{"titleID":"320287","category":"Actor"},{"titleID":"320622","category":"Actor"},{"titleID":"320605","category":"Actor"},{"titleID":"320312","category":"Actor"},{"titleID":"328783","category":"Actor"},{"titleID":"331427","category":"Actor"},{"titleID":"333561","category":"Actor"},{"titleID":"398594","category":"Actor"},{"titleID":"405608","category":"Actor"},{"titleID":"415553","category":"Actor"},{"titleID":"666993","category":"Actor"},{"titleID":"684293","category":"Actor"},{"titleID":"912596","category":"Actor"},{"titleID":"918653","category":"Actor"},{"titleID":"1405","category":"Actor"},{"titleID":"98108","category":"Actor"},{"titleID":"120865","category":"Actor"},{"titleID":"180486","category":"Actor"},{"titleID":"181166","category":"Actor"},{"titleID":"242641","category":"Actor"},{"titleID":"315968","category":"Actor"},{"titleID":"147864","category":"Actor"},{"titleID":"264475","category":"Actor"},{"titleID":"271588","category":"Actor"},{"titleID":"111335","category":"Actor"},{"titleID":"482504","category":"Actor"},{"titleID":"646314","category":"Actor"},{"titleID":"545771","category":"Actor"},{"titleID":"1217180","category":"Actor"},{"titleID":"328140","category":"Actor"},{"titleID":"43387","category":"Actor"},{"titleID":"55777","category":"Actor"},{"titleID":"121013","category":"Actor"},{"titleID":"117970","category":"Actor"},{"titleID":"180510","category":"Actor"},{"titleID":"182303","category":"Actor"},{"titleID":"165746","category":"Actor"},{"titleID":"186932","category":"Actor"},{"titleID":"198939","category":"Actor"},{"titleID":"215847","category":"Actor"},{"titleID":"223497","category":"Actor"},{"titleID":"223634","category":"Actor"},{"titleID":"233373","category":"Actor"},{"titleID":"253373","category":"Actor"},{"titleID":"249795","category":"Actor"},{"titleID":"261564","category":"Actor"},{"titleID":"262508","category":"Actor"},{"titleID":"286229","category":"Actor"},{"titleID":"292197","category":"Actor"},{"titleID":"44439","category":"Actor"},{"titleID":"262792","category":"Actor"},{"titleID":"305529","category":"Actor"},{"titleID":"354792","category":"Actor"},{"titleID":"159798","category":"Actor"},{"titleID":"385444","category":"Actor"},{"titleID":"408930","category":"Actor"},{"titleID":"614568","category":"Actor"},{"titleID":"621273","category":"Actor"},{"titleID":"662680","category":"Actor"},{"titleID":"591677","category":"Actor"},{"titleID":"919081","category":"Actor"},{"titleID":"1019623","category":"Actor"},{"titleID":"36006","category":"Actor"},{"titleID":"43903","category":"Actor"},{"titleID":"64928","category":"Actor"},{"titleID":"72330","category":"Actor"},{"titleID":"95004","category":"Actor"},{"titleID":"105067","category":"Actor"},{"titleID":"166546","category":"Actor"},{"titleID":"222998","category":"Actor"},{"titleID":"238611","category":"Actor"},{"titleID":"245051","category":"Actor"},{"titleID":"204967","category":"Actor"},{"titleID":"281757","category":"Actor"},{"titleID":"212291","category":"Actor"},{"titleID":"294945","category":"Actor"},{"titleID":"109197","category":"Actor"},{"titleID":"503496","category":"Actor"},{"titleID":"507472","category":"Actor"},{"titleID":"520447","category":"Actor"},{"titleID":"738331","category":"Actor"},{"titleID":"851871","category":"Actor"},{"titleID":"288871","category":"Actor"},{"titleID":"1025041","category":"Actor"},{"titleID":"1198780","category":"Actor"},{"titleID":"41465","category":"Actor"},{"titleID":"76382","category":"Actor"},{"titleID":"85631","category":"Actor"},{"titleID":"218326","category":"Actor"},{"titleID":"159216","category":"Actor"},{"titleID":"133929","category":"Actor"},{"titleID":"165747","category":"Actor"},{"titleID":"166589","category":"Actor"},{"titleID":"169842","category":"Actor"},{"titleID":"230988","category":"Actor"},{"titleID":"243534","category":"Actor"},{"titleID":"284488","category":"Actor"},{"titleID":"162967","category":"Actor"},{"titleID":"372104","category":"Actor"},{"titleID":"88679","category":"Actor"},{"titleID":"520850","category":"Actor"},{"titleID":"614289","category":"Actor"},{"titleID":"676755","category":"Actor"},{"titleID":"701953","category":"Actor"},{"titleID":"751694","category":"Actor"},{"titleID":"600426","category":"Actor"},{"titleID":"565013","category":"Actor"},{"titleID":"1054855","category":"Actor"},{"titleID":"4111","category":"Actor"},{"titleID":"22233","category":"Actor"},{"titleID":"61417","category":"Actor"},{"titleID":"174762","category":"Actor"},{"titleID":"223557","category":"Actor"},{"titleID":"196691","category":"Actor"},{"titleID":"273625","category":"Actor"},{"titleID":"174906","category":"Actor"},{"titleID":"413232","category":"Actor"},{"titleID":"684310","category":"Actor"},{"titleID":"670036","category":"Actor"},{"titleID":"885854","category":"Actor"},{"titleID":"156322","category":"Actor"},{"titleID":"119229","category":"Actor"},{"titleID":"302844","category":"Actor"},{"titleID":"303143","category":"Actor"},{"titleID":"253802","category":"Actor"},{"titleID":"316779","category":"Actor"},{"titleID":"58192","category":"Actor"},{"titleID":"117686","category":"Actor"},{"titleID":"422543","category":"Actor"},{"titleID":"43467","category":"Actor"},{"titleID":"541105","category":"Actor"},{"titleID":"39048","category":"Actor"},{"titleID":"42537","category":"Actor"},{"titleID":"769018","category":"Actor"},{"titleID":"1034681","category":"Actor"},{"titleID":"95359","category":"Actor"},{"titleID":"104215","category":"Actor"},{"titleID":"128049","category":"Actor"},{"titleID":"180950","category":"Actor"},{"titleID":"565403","category":"Actor"},{"titleID":"503366","category":"Actor"},{"titleID":"704668","category":"Actor"},{"titleID":"86961","category":"Actor"},{"titleID":"344339","category":"Actor"},{"titleID":"36822","category":"Actor"},{"titleID":"195810","category":"Actor"},{"titleID":"91208","category":"Actor"},{"titleID":"184435","category":"Actor"},{"titleID":"386176","category":"Actor"},{"titleID":"11576","category":"Actor"},{"titleID":"744797","category":"Actor"},{"titleID":"545364","category":"Actor"},{"titleID":"10666","category":"Actor"},{"titleID":"13166","category":"Actor"},{"titleID":"13701","category":"Actor"},{"titleID":"19079","category":"Actor"},{"titleID":"945","category":"Actor"},{"titleID":"4177","category":"Actor"},{"titleID":"4520","category":"Actor"},{"titleID":"10809","category":"Actor"},{"titleID":"10642","category":"Actor"},{"titleID":"26663","category":"Actor"},{"titleID":"27575","category":"Actor"}]},{"nameID":"1463851","name":"Mary Pitt","namePoster":"","birthYr":"","deathYr":"","profession":"Acting","nameTitles":[{"titleID":"10022","category":"Actor"},{"titleID":"86555","category":"Actor"},{"titleID":"19402","category":"Actor"},{"titleID":"2976","category":"Actor"},{"titleID":"62073","category":"Actor"},{"titleID":"56296","category":"Actor"},{"titleID":"83631","category":"Actor"},{"titleID":"33852","category":"Actor"}]},{"nameID":"2401428","name":"David Pitts","namePoster":"","birthYr":"","deathYr":"","profession":"Writing","nameTitles":[{"titleID":"275133","category":"Actor"},{"titleID":"275068","category":"Producer"},{"titleID":"275065","category":"Producer"},{"titleID":"269052","category":"Producer"},{"titleID":"273315","category":"Producer"},{"titleID":"273119","category":"Producer"},{"titleID":"273309","category":"Producer"},{"titleID":"15511","category":"Producer"},{"titleID":"275130","category":"Producer"},{"titleID":"275036","category":"Producer"},{"titleID":"275070","category":"Producer"},{"titleID":"275128","category":"Producer"},{"titleID":"1230661","category":"Producer"},{"titleID":"273578","category":"Producer"},{"titleID":"289545","category":"Producer"},{"titleID":"273119","category":"Executive Producer"},{"titleID":"273149","category":"Producer"},{"titleID":"289545","category":"Story Developer"},{"titleID":"275070","category":"Story Developer"},{"titleID":"273309","category":"Story Developer"},{"titleID":"275074","category":"Story Developer"}]}