titleID,type,originalTitle,titlePoster,startYear,endYear,genres,titleAkas,principals,rating
"789","movie","Ostře sledované vlaky","/1FMBXil0P8Xyl1KRWbXbUGn6JCC.jpg","1966","",[{"genreTitle":"Comedy"},{"genreTitle":"Drama"},{"genreTitle":"War"}],[{"akaTitle":"Scharf beobachtete Züge","regionAbbrev":"DE"},{"akaTitle":"Closely Observed Trains","regionAbbrev":"GB"},{"akaTitle":"严密看管的列车","regionAbbrev":"CN"},{"akaTitle":"Hou de Trein in het Oog","regionAbbrev":"NL"},{"akaTitle":"Szigorúan Ellenőrzött Vonatok","regionAbbrev":"HU"},{"akaTitle":"가까이서 본 기차","regionAbbrev":"KR"}],[{"nameID":"11731","name":"Václav Neckář","category":"actor"},{"nameID":"11737","name":"Jitka Scoffin","category":"actor"},{"nameID":"11734","name":"Vladimír Valenta","category":"actor"},{"nameID":"544211","name":"Libuše Havelková","category":"actor"},{"nameID":"11732","name":"Josef Somr","category":"actor"},{"nameID":"11735","name":"Alois Vachek","category":"actor"},{"nameID":"11738","name":"Jitka Zelenohorská","category":"actor"},{"nameID":"11733","name":"Vlastimil Brodský","category":"actor"},{"nameID":"11736","name":"Ferdinand Krůta","category":"actor"},{"nameID":"11741","name":"Květa Fialová","category":"actor"},{"nameID":"11739","name":"Naďa Urbánková","category":"actor"},{"nameID":"11720","name":"Jiří Menzel","category":"actor"},{"nameID":"2021130","name":"Václav Fišer","category":"actor"},{"nameID":"1183360","name":"Karel Hovorka","category":"actor"},{"nameID":"138551","name":"Jiří Kodet","category":"actor"},{"nameID":"84002","name":"František Husák","category":"actor"},{"nameID":"83999","name":"Jiří Hálek","category":"actor"},{"nameID":"2004338","name":"Miloslav Homola","category":"actor"},{"nameID":"11742","name":"Pavla Maršálková","category":"actor"},{"nameID":"11743","name":"Milada Ježková","category":"actor"},{"nameID":"2205473","name":"Dagmar Zikánová","category":"actor"},{"nameID":"1136819","name":"Bohumil Koška","category":"actor"},{"nameID":"1136821","name":"Antonín Pražák","category":"actor"},{"nameID":"1191846","name":"Václav Kotva","category":"actor"},{"nameID":"1376398","name":"Emil Iserle","category":"actor"},{"nameID":"3528858","name":"Ivan Sova","category":"actor"},{"nameID":"1183246","name":"Vladimír Hrabánek","category":"actor"},{"nameID":"2008717","name":"František Marek","category":"actor"},{"nameID":"2070538","name":"Jana Hana Duffková","category":"actor"},{"nameID":"3503475","name":"Milan Frkal","category":"actor"},{"nameID":"2607214","name":"František Golyšev","category":"actor"},{"nameID":"3491277","name":"Zuzana Minichová","category":"actor"},{"nameID":"1280125","name":"Gustav Hrdlička","category":"actor"},{"nameID":"2278170","name":"Vlasta Kahovcová","category":"actor"},{"nameID":"3489895","name":"Mahulena Kulendíková","category":"actor"},{"nameID":"47837","name":"Pavel Landovský","category":"actor"},{"nameID":"3528869","name":"František Novák","category":"actor"},{"nameID":"544701","name":"Vratislav Blažek","category":"actor"},{"nameID":"2001342","name":"Zdeňka Tichá","category":"actor"},{"nameID":"1182630","name":"Jaroslav Toms","category":"actor"},{"nameID":"2603911","name":"Nora Tvrzská","category":"actor"},{"nameID":"2411241","name":"Josef Vondráček","category":"actor"},{"nameID":"1136802","name":"Miloň Novotný","category":"actor"},{"nameID":"3528872","name":"Bohumil Cajthaml","category":"actor"},{"nameID":"3528873","name":"Karel Paták","category":"actor"},{"nameID":"72795","name":"Josef Abrhám","category":"actor"},{"nameID":"11720","name":"Jiří Menzel","category":"Screenplay"},{"nameID":"11720","name":"Jiří Menzel","category":"Director"},{"nameID":"11721","name":"Bohumil Hrabal","category":"Screenplay"},{"nameID":"11721","name":"Bohumil Hrabal","category":"Novel"},{"nameID":"11723","name":"Zdeněk Oves","category":"Production Manager"},{"nameID":"11724","name":"Jiří Šust","category":"Original Music Composer"},{"nameID":"11725","name":"Jaromír Šofr","category":"Director of Photography"},{"nameID":"11726","name":"Jiřina Lukešová","category":"Editor"},{"nameID":"11727","name":"Oldřich Bosák","category":"Production Design"},{"nameID":"11728","name":"Olga Dimitrovová","category":"Costume Design"},{"nameID":"11729","name":"Miloslav Koubek","category":"Makeup & Hair"},{"nameID":"140619","name":"Bohumil Šmída","category":"Executive Producer"},{"nameID":"937476","name":"Bohumil Nový","category":"Assistant Production Design"},{"nameID":"1136817","name":"Václav Nývlt","category":"Dramaturgy"},{"nameID":"1183272","name":"Vojtěch Kuthan","category":"Assistant Camera"},{"nameID":"1303629","name":"Štěpán Koníček","category":"Conductor"},{"nameID":"1306189","name":"Růžena Bulíčková","category":"Costumer"},{"nameID":"1404476","name":"Jaroslav Vágner","category":"Unit Production Manager"},{"nameID":"1609964","name":"Štěpánka Stříbrná","category":"Assistant Editor"},{"nameID":"1684918","name":"Jiří Cvrček","category":"Set Decoration"},{"nameID":"2070553","name":"Jiří Pavlík","category":"Sound"},{"nameID":"2248812","name":"Jana Novotná","category":"Script"},{"nameID":"2270222","name":"Libuše Švejdová","category":"Makeup & Hair"},{"nameID":"2281622","name":"Bohumil Kouba","category":"First Assistant Director"},{"nameID":"2479028","name":"Vladimír Ježek","category":"Props"},{"nameID":"2479580","name":"Otakar Jiříček","category":"Unit Production Manager"},{"nameID":"2579528","name":"Jiří Drégr","category":"Props"},{"nameID":"2603919","name":"Ctibor Jeřábek","category":"Assistant Production Manager"},{"nameID":"2799416","name":"Jaroslav Holub","category":"Costumer"},{"nameID":"3420976","name":"Ladislav Fikar","category":"Creative Producer"},{"nameID":"3479364","name":"Jiří Stach","category":"Still Photographer"},{"nameID":"3528848","name":"Jaromír Hník","category":"Camera Operator"}],{"avRating":"7.281","nVotes":"212"}